node.exe : [31m[config][39
m Astro found issue(s) with 
your configuration:
所在位置 D:\Program Files\nodejs
\npx.ps1:29 字符: 3
+   & $NODE_EXE $NPX_CLI_JS 
$args
+   ~~~~~~~~~~~~~~~~~~~~~~~~
~~~~~
    + CategoryInfo          
    : NotSpecified: ([31m  
  [config][... configura   
 tion::String) [], Remot    
eException
    + FullyQualifiedErrorId 
    : NativeCommandError
 

[31m! The [34moutput: "hyb
rid"[31m option has been re
moved. Use [34moutput: "sta
tic"[31m (the default) inst
ead, which now behaves the s
ame way.[39m

